#######################################
#      #      #                       #
#      #  J   #                       #
#      #      #    ######             #
#             #    #E   #TTTTTTTTTTTTT#
#     #########    ## T #TTTTTTTETTTTT#
#     #      O          ###############
#     #    SSS             #  #       #
#  SSSSS     ######         A # T     #
#      SSSS  #  T      T   #  #       #
#   ##SSSSS###             #          #
# SSSSSSSS #      T    #########      #
#      SSSS   S ####   T     ##       #
# #    #SS         O          #       #
#S      SS #   T        O     #  T    #
#SSS##E SSSS##     #          #       #
#SSSSSS#####SSSS###SS#####SSS####SSSSS#
#SSSSSSSSSSSSSSSSSSSSSSSSSSSSSSS#S  SS#
#SSSSSSSSSSSSSSSSSSSSSSSSSSSSSSS#SSSSS#
#  O        E                   #     #
#       ##################      #     #
#                               ##    #
#    ######          #############    #
#    #              T   ##      E#    #
#    #     #               #    ##    #
#    #   E #        #####         #   #
#         ##                          #
#              #####     O            #
#                                   E #
#######################################